==========================================
reduce in SMT-CHECKSAT : check-sat(r(0) < [(3/1).Real] and r(0) > [(1/1).Real])
    .
rewrites: 12
result Bool: (true).Bool
==========================================
reduce in SMT-CHECKSAT : check-sat(r(0) < [(3/1).Real] and r(0) > [(1/1).Real])
    .
rewrites: 12
result Bool: (true).Bool
==========================================
reduce in SMT-CHECKSAT : check-sat(r("a.b", 0) < [(3/1).Real] and r("a.b", 0) >
    [(1/1).Real]) .
rewrites: 12
result Bool: (true).Bool
==========================================
reduce in SMT-CHECKSAT : check-sat(r("a", 0) < [(3/1).Real] and r("b", 0) > [(
    1/1).Real]) .
rewrites: 18
result Bool: (true).Bool
==========================================
reduce in SMT-CHECKSAT : check-sat(r(0) < [(3/1).Real] and r(0) > [(1/2).Real])
    .
rewrites: 12
result Bool: (true).Bool
==========================================
reduce in SMT-CHECKSAT : check-sat(r(0) < [(3/7).Real] and r(0) > [(1/2).Real])
    .
rewrites: 12
result Bool: (false).Bool
==========================================
reduce in SMT-CHECKSAT : check-sat(r("a.b", 0) < [(3/1).Real] and r("a.b", 0) >
    [(1/2).Real]) .
rewrites: 12
result Bool: (true).Bool
==========================================
reduce in SMT-CHECKSAT : check-sat(r("a", 0) < [(3/7).Real] and r("b", 0) > [(
    1/2).Real]) .
rewrites: 18
result Bool: (true).Bool
==========================================
reduce in SMT-CHECKSAT : check-sat(r("a", 0) < [(3/7).Real] and r("a", 0) > [(
    1/2).Real]) .
rewrites: 12
result Bool: (false).Bool
Bye.
